[2026-08-11 22:10:09] StreamerFrames server initialized
[2026-08-11 22:10:31] StreamerFrames server initialized
[2026-08-11 22:10:33] Request GET /?
[2026-08-11 22:10:33] Response GET / status=200
[2026-08-11 22:10:38] Request GET /watch?video=Batman%20Begins.mp4&mode=framegen
[2026-08-11 22:10:38] Watch request for framegen E:\Movies\Batman Begins.mp4
[2026-08-11 22:10:38] No active generation job found for E:\Movies\Batman Begins.mp4, starting a new one
[2026-08-11 22:10:38] Starting framegen for E:\Movies\Batman Begins.mp4 into E:\StreamerFrames\Practical-RIFE\hls\Batman_Begins.mp4
[2026-08-11 22:10:38] Command: E:\StreamerFrames\.framegen\Scripts\python.exe E:\StreamerFrames\Practical-RIFE\rife_server.py --input E:\Movies\Batman Begins.mp4 --hls-dir E:\StreamerFrames\Practical-RIFE\hls\Batman_Begins.mp4 --generate-only
[2026-08-11 22:10:38] Framegen process started for E:\Movies\Batman Begins.mp4 pid=11808
[2026-08-11 22:10:38] Response GET /watch status=200
[2026-08-11 22:10:43] Request GET /watch?video=Batman%20Begins.mp4&mode=framegen
[2026-08-11 22:10:43] Watch request for framegen E:\Movies\Batman Begins.mp4
[2026-08-11 22:10:43] Found active generation job for E:\Movies\Batman Begins.mp4 pid=11808
[2026-08-11 22:10:43] Response GET /watch status=200
[2026-08-11 22:10:48] Request GET /watch?video=Batman%20Begins.mp4&mode=framegen
[2026-08-11 22:10:48] Watch request for framegen E:\Movies\Batman Begins.mp4
[2026-08-11 22:10:48] Found active generation job for E:\Movies\Batman Begins.mp4 pid=11808
[2026-08-11 22:10:48] Response GET /watch status=200
[2026-08-11 22:10:53] Request GET /watch?video=Batman%20Begins.mp4&mode=framegen
[2026-08-11 22:10:53] Watch request for framegen E:\Movies\Batman Begins.mp4
[2026-08-11 22:10:53] Found active generation job for E:\Movies\Batman Begins.mp4 pid=11808
[2026-08-11 22:10:53] Response GET /watch status=200
[2026-08-11 22:10:59] Request GET /watch?video=Batman%20Begins.mp4&mode=framegen
[2026-08-11 22:10:59] Watch request for framegen E:\Movies\Batman Begins.mp4
[2026-08-11 22:10:59] Found active generation job for E:\Movies\Batman Begins.mp4 pid=11808
[2026-08-11 22:10:59] Response GET /watch status=200
[2026-08-11 22:11:04] Request GET /watch?video=Batman%20Begins.mp4&mode=framegen
[2026-08-11 22:11:04] Watch request for framegen E:\Movies\Batman Begins.mp4
[2026-08-11 22:11:04] Found active generation job for E:\Movies\Batman Begins.mp4 pid=11808
[2026-08-11 22:11:04] Response GET /watch status=200
[2026-08-11 22:11:09] Request GET /watch?video=Batman%20Begins.mp4&mode=framegen
[2026-08-11 22:11:09] Watch request for framegen E:\Movies\Batman Begins.mp4
[2026-08-11 22:11:09] Found active generation job for E:\Movies\Batman Begins.mp4 pid=11808
[2026-08-11 22:11:09] Response GET /watch status=200
[2026-08-11 22:11:14] Request GET /watch?video=Batman%20Begins.mp4&mode=framegen
[2026-08-11 22:11:14] Watch request for framegen E:\Movies\Batman Begins.mp4
[2026-08-11 22:11:14] Found active generation job for E:\Movies\Batman Begins.mp4 pid=11808
[2026-08-11 22:11:14] Response GET /watch status=200
[2026-08-11 22:11:19] Request GET /watch?video=Batman%20Begins.mp4&mode=framegen
[2026-08-11 22:11:19] Watch request for framegen E:\Movies\Batman Begins.mp4
[2026-08-11 22:11:19] Found active generation job for E:\Movies\Batman Begins.mp4 pid=11808
[2026-08-11 22:11:19] Response GET /watch status=200
[2026-08-11 22:11:24] Request GET /watch?video=Batman%20Begins.mp4&mode=framegen
[2026-08-11 22:11:24] Watch request for framegen E:\Movies\Batman Begins.mp4
[2026-08-11 22:11:24] Found active generation job for E:\Movies\Batman Begins.mp4 pid=11808
[2026-08-11 22:11:24] Response GET /watch status=200
[2026-08-11 22:11:30] Request GET /watch?video=Batman%20Begins.mp4&mode=framegen
[2026-08-11 22:11:30] Watch request for framegen E:\Movies\Batman Begins.mp4
[2026-08-11 22:11:30] Found active generation job for E:\Movies\Batman Begins.mp4 pid=11808
[2026-08-11 22:11:30] Response GET /watch status=200
[2026-08-11 22:11:35] Request GET /watch?video=Batman%20Begins.mp4&mode=framegen
[2026-08-11 22:11:35] Watch request for framegen E:\Movies\Batman Begins.mp4
[2026-08-11 22:11:35] Found active generation job for E:\Movies\Batman Begins.mp4 pid=11808
[2026-08-11 22:11:35] Response GET /watch status=200
[2026-08-11 22:11:40] Request GET /watch?video=Batman%20Begins.mp4&mode=framegen
[2026-08-11 22:11:40] Watch request for framegen E:\Movies\Batman Begins.mp4
[2026-08-11 22:11:40] Found active generation job for E:\Movies\Batman Begins.mp4 pid=11808
[2026-08-11 22:11:40] Response GET /watch status=200
[2026-08-11 22:11:45] Request GET /watch?video=Batman%20Begins.mp4&mode=framegen
[2026-08-11 22:11:45] Watch request for framegen E:\Movies\Batman Begins.mp4
[2026-08-11 22:11:45] Found active generation job for E:\Movies\Batman Begins.mp4 pid=11808
[2026-08-11 22:11:45] Response GET /watch status=200
[2026-08-11 22:11:50] Request GET /watch?video=Batman%20Begins.mp4&mode=framegen
[2026-08-11 22:11:50] Watch request for framegen E:\Movies\Batman Begins.mp4
[2026-08-11 22:11:50] Found active generation job for E:\Movies\Batman Begins.mp4 pid=11808
[2026-08-11 22:11:50] Response GET /watch status=200
[2026-08-11 22:11:55] Request GET /watch?video=Batman%20Begins.mp4&mode=framegen
[2026-08-11 22:11:55] Watch request for framegen E:\Movies\Batman Begins.mp4
[2026-08-11 22:11:55] Found active generation job for E:\Movies\Batman Begins.mp4 pid=11808
[2026-08-11 22:11:55] Response GET /watch status=200
[2026-08-11 22:12:01] Request GET /watch?video=Batman%20Begins.mp4&mode=framegen
[2026-08-11 22:12:01] Watch request for framegen E:\Movies\Batman Begins.mp4
[2026-08-11 22:12:01] Found active generation job for E:\Movies\Batman Begins.mp4 pid=11808
[2026-08-11 22:12:01] Response GET /watch status=200
[2026-08-11 22:12:06] Request GET /watch?video=Batman%20Begins.mp4&mode=framegen
[2026-08-11 22:12:06] Watch request for framegen E:\Movies\Batman Begins.mp4
[2026-08-11 22:12:06] Found active generation job for E:\Movies\Batman Begins.mp4 pid=11808
[2026-08-11 22:12:06] Response GET /watch status=200
[2026-08-11 22:12:11] Request GET /watch?video=Batman%20Begins.mp4&mode=framegen
[2026-08-11 22:12:11] Watch request for framegen E:\Movies\Batman Begins.mp4
[2026-08-11 22:12:11] Found active generation job for E:\Movies\Batman Begins.mp4 pid=11808
[2026-08-11 22:12:11] Response GET /watch status=200
[2026-08-11 22:12:16] Request GET /watch?video=Batman%20Begins.mp4&mode=framegen
[2026-08-11 22:12:16] Watch request for framegen E:\Movies\Batman Begins.mp4
[2026-08-11 22:12:16] Found active generation job for E:\Movies\Batman Begins.mp4 pid=11808
[2026-08-11 22:12:16] Response GET /watch status=200
[2026-08-11 22:12:21] Request GET /watch?video=Batman%20Begins.mp4&mode=framegen
[2026-08-11 22:12:21] Watch request for framegen E:\Movies\Batman Begins.mp4
[2026-08-11 22:12:21] Found active generation job for E:\Movies\Batman Begins.mp4 pid=11808
[2026-08-11 22:12:21] Response GET /watch status=200
[2026-08-11 22:12:27] Request GET /watch?video=Batman%20Begins.mp4&mode=framegen
[2026-08-11 22:12:27] Watch request for framegen E:\Movies\Batman Begins.mp4
[2026-08-11 22:12:27] Found active generation job for E:\Movies\Batman Begins.mp4 pid=11808
[2026-08-11 22:12:27] Response GET /watch status=200
[2026-08-11 22:12:32] Request GET /watch?video=Batman%20Begins.mp4&mode=framegen
[2026-08-11 22:12:32] Watch request for framegen E:\Movies\Batman Begins.mp4
[2026-08-11 22:12:32] Found active generation job for E:\Movies\Batman Begins.mp4 pid=11808
[2026-08-11 22:12:32] Response GET /watch status=200
[2026-08-11 22:12:37] Request GET /watch?video=Batman%20Begins.mp4&mode=framegen
[2026-08-11 22:12:37] Watch request for framegen E:\Movies\Batman Begins.mp4
[2026-08-11 22:12:37] Found active generation job for E:\Movies\Batman Begins.mp4 pid=11808
[2026-08-11 22:12:37] Response GET /watch status=200
[2026-08-11 22:12:42] Request GET /watch?video=Batman%20Begins.mp4&mode=framegen
[2026-08-11 22:12:42] Watch request for framegen E:\Movies\Batman Begins.mp4
[2026-08-11 22:12:42] Found active generation job for E:\Movies\Batman Begins.mp4 pid=11808
[2026-08-11 22:12:42] Response GET /watch status=200
[2026-08-11 22:12:47] Request GET /watch?video=Batman%20Begins.mp4&mode=framegen
[2026-08-11 22:12:47] Watch request for framegen E:\Movies\Batman Begins.mp4
[2026-08-11 22:12:47] Found active generation job for E:\Movies\Batman Begins.mp4 pid=11808
[2026-08-11 22:12:47] Response GET /watch status=200
[2026-08-11 22:12:52] Request GET /watch?video=Batman%20Begins.mp4&mode=framegen
[2026-08-11 22:12:52] Watch request for framegen E:\Movies\Batman Begins.mp4
[2026-08-11 22:12:52] Found active generation job for E:\Movies\Batman Begins.mp4 pid=11808
[2026-08-11 22:12:52] Response GET /watch status=200
[2026-08-11 22:12:58] Request GET /watch?video=Batman%20Begins.mp4&mode=framegen
[2026-08-11 22:12:58] Watch request for framegen E:\Movies\Batman Begins.mp4
[2026-08-11 22:12:58] Found active generation job for E:\Movies\Batman Begins.mp4 pid=11808
[2026-08-11 22:12:58] Response GET /watch status=200
[2026-08-11 22:13:03] Request GET /watch?video=Batman%20Begins.mp4&mode=framegen
[2026-08-11 22:13:03] Watch request for framegen E:\Movies\Batman Begins.mp4
[2026-08-11 22:13:03] Found active generation job for E:\Movies\Batman Begins.mp4 pid=11808
[2026-08-11 22:13:03] Response GET /watch status=200
[2026-08-11 22:13:08] Request GET /watch?video=Batman%20Begins.mp4&mode=framegen
[2026-08-11 22:13:08] Watch request for framegen E:\Movies\Batman Begins.mp4
[2026-08-11 22:13:08] Found active generation job for E:\Movies\Batman Begins.mp4 pid=11808
[2026-08-11 22:13:08] Response GET /watch status=200
[2026-08-11 22:13:13] Request GET /watch?video=Batman%20Begins.mp4&mode=framegen
[2026-08-11 22:13:13] Watch request for framegen E:\Movies\Batman Begins.mp4
[2026-08-11 22:13:13] Found active generation job for E:\Movies\Batman Begins.mp4 pid=11808
[2026-08-11 22:13:13] Response GET /watch status=200
[2026-08-11 22:13:19] Request GET /watch?video=Batman%20Begins.mp4&mode=framegen
[2026-08-11 22:13:19] Watch request for framegen E:\Movies\Batman Begins.mp4
[2026-08-11 22:13:19] Found active generation job for E:\Movies\Batman Begins.mp4 pid=11808
[2026-08-11 22:13:19] Response GET /watch status=200
[2026-08-11 22:13:24] Request GET /watch?video=Batman%20Begins.mp4&mode=framegen
[2026-08-11 22:13:24] Watch request for framegen E:\Movies\Batman Begins.mp4
[2026-08-11 22:13:24] Found active generation job for E:\Movies\Batman Begins.mp4 pid=11808
[2026-08-11 22:13:24] Response GET /watch status=200
[2026-08-11 22:13:29] Request GET /watch?video=Batman%20Begins.mp4&mode=framegen
[2026-08-11 22:13:29] Watch request for framegen E:\Movies\Batman Begins.mp4
[2026-08-11 22:13:29] Found active generation job for E:\Movies\Batman Begins.mp4 pid=11808
[2026-08-11 22:13:29] Response GET /watch status=200
[2026-08-11 22:13:34] Request GET /watch?video=Batman%20Begins.mp4&mode=framegen
[2026-08-11 22:13:34] Watch request for framegen E:\Movies\Batman Begins.mp4
[2026-08-11 22:13:34] Found active generation job for E:\Movies\Batman Begins.mp4 pid=11808
[2026-08-11 22:13:34] Response GET /watch status=200
[2026-08-11 22:13:39] Request GET /watch?video=Batman%20Begins.mp4&mode=framegen
[2026-08-11 22:13:39] Watch request for framegen E:\Movies\Batman Begins.mp4
[2026-08-11 22:13:39] Found active generation job for E:\Movies\Batman Begins.mp4 pid=11808
[2026-08-11 22:13:39] Response GET /watch status=200
[2026-08-11 22:13:45] Request GET /watch?video=Batman%20Begins.mp4&mode=framegen
[2026-08-11 22:13:45] Watch request for framegen E:\Movies\Batman Begins.mp4
[2026-08-11 22:13:45] Found active generation job for E:\Movies\Batman Begins.mp4 pid=11808
[2026-08-11 22:13:45] Response GET /watch status=200
[2026-08-11 22:13:50] Request GET /watch?video=Batman%20Begins.mp4&mode=framegen
[2026-08-11 22:13:50] Watch request for framegen E:\Movies\Batman Begins.mp4
[2026-08-11 22:13:50] Found active generation job for E:\Movies\Batman Begins.mp4 pid=11808
[2026-08-11 22:13:50] Response GET /watch status=200
[2026-08-11 22:13:55] Request GET /watch?video=Batman%20Begins.mp4&mode=framegen
[2026-08-11 22:13:55] Watch request for framegen E:\Movies\Batman Begins.mp4
[2026-08-11 22:13:55] Found active generation job for E:\Movies\Batman Begins.mp4 pid=11808
[2026-08-11 22:13:55] Response GET /watch status=200
[2026-08-11 22:14:00] Request GET /watch?video=Batman%20Begins.mp4&mode=framegen
[2026-08-11 22:14:00] Watch request for framegen E:\Movies\Batman Begins.mp4
[2026-08-11 22:14:00] Found active generation job for E:\Movies\Batman Begins.mp4 pid=11808
[2026-08-11 22:14:00] Response GET /watch status=200
[2026-08-11 22:14:05] Request GET /watch?video=Batman%20Begins.mp4&mode=framegen
[2026-08-11 22:14:05] Watch request for framegen E:\Movies\Batman Begins.mp4
[2026-08-11 22:14:05] Found active generation job for E:\Movies\Batman Begins.mp4 pid=11808
[2026-08-11 22:14:05] Response GET /watch status=200
[2026-08-11 22:14:11] Request GET /watch?video=Batman%20Begins.mp4&mode=framegen
[2026-08-11 22:14:11] Watch request for framegen E:\Movies\Batman Begins.mp4
[2026-08-11 22:14:11] Found active generation job for E:\Movies\Batman Begins.mp4 pid=11808
[2026-08-11 22:14:11] Response GET /watch status=200
[2026-08-11 22:14:16] Request GET /watch?video=Batman%20Begins.mp4&mode=framegen
[2026-08-11 22:14:16] Watch request for framegen E:\Movies\Batman Begins.mp4
[2026-08-11 22:14:16] Found active generation job for E:\Movies\Batman Begins.mp4 pid=11808
[2026-08-11 22:14:16] Response GET /watch status=200
[2026-08-11 22:14:21] Request GET /watch?video=Batman%20Begins.mp4&mode=framegen
[2026-08-11 22:14:21] Watch request for framegen E:\Movies\Batman Begins.mp4
[2026-08-11 22:14:21] Found active generation job for E:\Movies\Batman Begins.mp4 pid=11808
[2026-08-11 22:14:21] Response GET /watch status=200
[2026-08-11 22:14:26] Request GET /watch?video=Batman%20Begins.mp4&mode=framegen
[2026-08-11 22:14:26] Watch request for framegen E:\Movies\Batman Begins.mp4
[2026-08-11 22:14:26] Found active generation job for E:\Movies\Batman Begins.mp4 pid=11808
[2026-08-11 22:14:26] Response GET /watch status=200
[2026-08-11 22:14:31] Request GET /watch?video=Batman%20Begins.mp4&mode=framegen
[2026-08-11 22:14:31] Watch request for framegen E:\Movies\Batman Begins.mp4
[2026-08-11 22:14:31] Found active generation job for E:\Movies\Batman Begins.mp4 pid=11808
[2026-08-11 22:14:31] Response GET /watch status=200
[2026-08-11 22:14:36] Request GET /watch?video=Batman%20Begins.mp4&mode=framegen
[2026-08-11 22:14:36] Watch request for framegen E:\Movies\Batman Begins.mp4
[2026-08-11 22:14:36] Found active generation job for E:\Movies\Batman Begins.mp4 pid=11808
[2026-08-11 22:14:36] Response GET /watch status=200
[2026-08-11 22:14:42] Request GET /watch?video=Batman%20Begins.mp4&mode=framegen
[2026-08-11 22:14:42] Watch request for framegen E:\Movies\Batman Begins.mp4
[2026-08-11 22:14:42] Found active generation job for E:\Movies\Batman Begins.mp4 pid=11808
[2026-08-11 22:14:42] Response GET /watch status=200
[2026-08-11 22:14:47] Request GET /watch?video=Batman%20Begins.mp4&mode=framegen
[2026-08-11 22:14:47] Watch request for framegen E:\Movies\Batman Begins.mp4
[2026-08-11 22:14:47] Found active generation job for E:\Movies\Batman Begins.mp4 pid=11808
[2026-08-11 22:14:47] Response GET /watch status=200
[2026-08-11 22:14:52] Request GET /watch?video=Batman%20Begins.mp4&mode=framegen
[2026-08-11 22:14:52] Watch request for framegen E:\Movies\Batman Begins.mp4
[2026-08-11 22:14:52] Found active generation job for E:\Movies\Batman Begins.mp4 pid=11808
[2026-08-11 22:14:52] Response GET /watch status=200
[2026-08-11 22:14:57] Request GET /watch?video=Batman%20Begins.mp4&mode=framegen
[2026-08-11 22:14:57] Watch request for framegen E:\Movies\Batman Begins.mp4
[2026-08-11 22:14:57] Found active generation job for E:\Movies\Batman Begins.mp4 pid=11808
[2026-08-11 22:14:57] Response GET /watch status=200
[2026-08-11 22:15:02] Request GET /watch?video=Batman%20Begins.mp4&mode=framegen
[2026-08-11 22:15:02] Watch request for framegen E:\Movies\Batman Begins.mp4
[2026-08-11 22:15:02] Found active generation job for E:\Movies\Batman Begins.mp4 pid=11808
[2026-08-11 22:15:02] Response GET /watch status=200
[2026-08-11 22:15:08] Request GET /watch?video=Batman%20Begins.mp4&mode=framegen
[2026-08-11 22:15:08] Watch request for framegen E:\Movies\Batman Begins.mp4
[2026-08-11 22:15:08] Found active generation job for E:\Movies\Batman Begins.mp4 pid=11808
[2026-08-11 22:15:08] Response GET /watch status=200
[2026-08-11 22:15:13] Request GET /watch?video=Batman%20Begins.mp4&mode=framegen
[2026-08-11 22:15:13] Watch request for framegen E:\Movies\Batman Begins.mp4
[2026-08-11 22:15:13] Response GET /watch status=200
[2026-08-11 22:15:13] Request GET /hls/Batman_Begins.mp4/stream.m3u8?
[2026-08-11 22:15:13] Response GET /hls/Batman_Begins.mp4/stream.m3u8 status=200
[2026-08-11 22:15:13] Request GET /hls/Batman_Begins.mp4/stream0.ts?
[2026-08-11 22:15:13] Response GET /hls/Batman_Begins.mp4/stream0.ts status=200
